
[\TERRA.OTH]
BAT.BRD
FECP.BRD
GARGOYLE.BRD
GRABBER.BRD
CAV.SKY
DUN.SKY
SCI.SKY
CASTLE.TIL
CAVE.TIL
DUNG.TIL
OUT.TIL
SCIFI.TIL
TOWN.TIL

[\TERRA.FAC]
DSE.FAC
ELF1.FAC
ELF2.FAC
ELF3.FAC
ELF4.FAC
GNOME1.FAC
GNOME2.FAC
GNOME3.FAC
GNOME4.FAC
HIRE0.FAC
HIRE1.FAC
HIRE2.FAC
HIRE3.FAC
HIRE4.FAC
HIRE5.FAC
HIRE6.FAC
HIRE7.FAC
HIRE8.FAC
HIRE9.FAC
HORC1.FAC
HORC2.FAC
HORC3.FAC
HORC4.FAC
HUMAN1.FAC
HUMAN2.FAC
HUMAN3.FAC
HUMAN4.FAC
DWARF1.FAC
DWARF2.FAC
DWARF3.FAC
DWARF4.FAC

[\TERRA.ICN]
BANK.ICN
BANK2.ICN
BUY.ICN
CAST.ICN
CHARPOW.ICN
COMBAT.ICN
CONFIRM.ICN
CONFIRM2.ICN
CPANEL.ICN
CREATE.ICN
DETCTMON.ICN
DETECT.ICN
DUPLICAT.ICN
ELEMENT.ICN
EQUIP.ICN
ESC.ICN
GLOBAL.ICN
HPBARS.ICN
INN.ICN
ITEMS.ICN
LLOYDS.ICN
MAIN.ICN
MOUSE.ICN
POW0.ICN
POW10.ICN
POW11.ICN
POW12.ICN
POW13.ICN
POW14.ICN
POW2.ICN
POW3.ICN
POW4.ICN
POW5.ICN
POW7.ICN
POW8.ICN
POW9.ICN
PROTECT.ICN
RESTORE.ICN
SCROLL.ICN
SELL.ICN
SPFX9.ICN
START.ICN
TRAIN.ICN
VIEW.ICN

[\TERRA.MON]
ARCHER.MON
BALLFACE.MON
BARBARAN.MON
BAT.MON
BEETLE.MON
BEHOLDER.MON
BLKNIGHT.MON
BUBLMAN.MON
BUGEYE.MON
CANDLE.MON
CATAPLR.MON
CLERIC.MON
COBRA.MON
CRIS.MON
CYCLOP.MON
DEMON.MON
DEVIL.MON
DINO.MON
DRAGLORD.MON
DTHLOCUS.MON
DWARF.MON
FIRELZRD.MON
FIREMON.MON
FLYTRAP.MON
GARGOYLE.MON
GATEKEPR.MON
GHOST.MON
GHOUL.MON
GOBLIN.MON
GRNDRGN.MON
HAMR.MON
HAND.MON
HEAD.MON
HYDRA.MON
JESTER.MON
KUDO.MON
LICH.MON
LIZARD.MON
MANTIS.MON
MARTFACE.MON
MEDUSA.MON
MINIDRGN.MON
MINOTAUR.MON
MUMMY.MON
NINJA.MON
OCTOBEST.MON
ORC.MON
PALADIN.MON
PEGASUS.MON
PHANTOM.MON
PIRANA.MON
PLASMOID.MON
POWSORC.MON
RANGER.MON
RAT.MON
REAPER.MON
REPTHED.MON
ROBO.MON
ROBO2.MON
ROC.MON
SCORPIA.MON
SHIELD.MON
SHRIEK.MON
SKEL.MON
SONICNJA.MON
SORC.MON
SPIDER.MON
SPRITE.MON
TERMNATR.MON
THIEF.MON
TREEGLUM.MON
TROLL.MON
UNDRAGON.MON
VAMPIRE.MON
WASP.MON
WEREWOLF.MON
WITCH.MON
WIZARD.MON
WORM.MON
ZOMBIE.MON
KNIGHT.MON

[\TERRA.OUT]
BANK.OUT
EFACE01.OUT
EFACE02.OUT
EFACE03.OUT
EFACE04.OUT
EFACE05.OUT
EFACE06.OUT
EFACE07.OUT
EFACE08.OUT
EFACE09.OUT
EFACE10.OUT
EFACE11.OUT
EFACE12.OUT
EFACE13.OUT
EFACE14.OUT
EFACE15.OUT
EFACE16.OUT
EFACE17.OUT
EFACE18.OUT
EFACE19.OUT
EFACE20.OUT
EFACE21.OUT
EFACE22.OUT
EFACE23.OUT
EFACE24.OUT
EFACE25.OUT
EFACE26.OUT
EFACE27.OUT
EFACE28.OUT
EFACE29.OUT
EFACE30.OUT
FRAME.OUT
GUILD1.OUT
GUILD2.OUT
INN.OUT
TAVERN.OUT
TEMPLE.OUT
TRAIN1.OUT
TRAIN2.OUT
TRAIN3.OUT
TRAIN4.OUT
WEAPON.OUT

[\TERRA.PIC]
ALTRBALL.PIC
ALTRCUP.PIC
ALTRGEM.PIC
ALTRHEAD.PIC
BARREL.PIC
BLKBOX.PIC
BONES.PIC
CASTLE.PIC
CAULDRON.PIC
CAVEOPN.PIC
CEILAXE.PIC
CRYSTALS.PIC
DCASTLE.PIC
DESK.PIC
DUNGNDOR.PIC
FLRBEAM.PIC
FLRELEC.PIC
FLRFIRE.PIC
FLRLEVR.PIC
FLRSAFE.PIC
FLRSPER.PIC
FOUNTHED.PIC
GONG.PIC
HORSE.PIC
HOURGLAS.PIC
IRONCHST.PIC
LATTERDN.PIC
LATTERUP.PIC
LEATHSAC.PIC
LION.PIC
MERMAID.PIC
MIRROR.PIC
MONSTER.PIC
ORNTBOX.PIC
PENDLM.PIC
PIT.PIC
POOLB.PIC
POOLG.PIC
POOLR.PIC
POOLY.PIC
PYRAMID.PIC
RIP.PIC
SEAHRS1.PIC
SEWAGE.PIC
SHAKLE.PIC
SIGNPOST.PIC
SKULPOST.PIC
STONCOFN.PIC
THRONE.PIC
TOWN.PIC
TOWN2.PIC
TRAPDOOR.PIC
TRSRPILE.PIC
TUBE.PIC
VAPOR.PIC
VILLGHUT.PIC
WAGON.PIC
WARRIOR.PIC
WDNCHST.PIC
WELL.PIC
WHRLPOOL.PIC
WOODCFN.PIC
HEAD.PIC

[\TERRA.VGA]
CASWL1.VGA
CASWL2.VGA
CASWL3.VGA
CASWL4.VGA
CAVWL1.VGA
CAVWL2.VGA
CAVWL3.VGA
CAVWL4.VGA
COMET.VGA
COMF1.VGA
COMF2.VGA
COMF3.VGA
COMF4.VGA
COMF5.VGA
CR1.VGA
CR2.VGA
CR3.VGA
CR4.VGA
CR5.VGA
DAY.VGA
DEATH.VGA
DESERT.VGA
DICE.VGA
DIRT.VGA
DTREE.VGA
DUNWL1.VGA
DUNWL2.VGA
DUNWL3.VGA
DUNWL4.VGA
FBA1.VGA
FBA2.VGA
FBB1.VGA
FBB2.VGA
FCA1.VGA
FCA2.VGA
FCB1.VGA
FCB2.VGA
FDA1.VGA
FDB1.VGA
FRNT.VGA
GRASS.VGA
HIGRASS.VGA
HUD.VGA
INA.VGA
INB.VGA
INC.VGA
IND.VGA
ITIT0.VGA
ITIT1.VGA
ITIT2.VGA
ITIT3.VGA
ITIT4.VGA
ITIT5.VGA
ITIT6.VGA
ITIT7.VGA
ITIT8.VGA
ITXT.VGA
LAVA.VGA
LAVAMTN.VGA
LBUT.VGA
LED.VGA
LTREE.VGA
LYTP1.VGA
LYTP2.VGA
LYTP3.VGA
LYTS1.VGA
LYTS2.VGA
LYTS3.VGA
LYTS4.VGA
LYTS5.VGA
LYTS6.VGA
LYTS7.VGA
LYTS8.VGA
LYTS9.VGA
MESS.VGA
MOUNT.VGA
NIGHT.VGA
OUTA.VGA
OUTB.VGA
OUTC.VGA
OUTD.VGA
PALMS.VGA
PAN.VGA
ROAD.VGA
SCIWL1.VGA
SCIWL2.VGA
SCIWL3.VGA
SCIWL4.VGA
SCN1.VGA
SCN2.VGA
SCOR.VGA
SEND.VGA
SNOMTN.VGA
SNOTREE.VGA
SNOW.VGA
SWAMP.VGA
SWMTREE.VGA
TAKB1.VGA
TAKB2.VGA
TAKS1.VGA
TAKS2.VGA
TAKS3.VGA
TALK.VGA
TOPA1.VGA
TOPA2.VGA
TOPH.VGA
TOPI.VGA
TOPJ.VGA
TOPK.VGA
TWNWL1.VGA
TWNWL2.VGA
TWNWL3.VGA
TWNWL4.VGA
TXT1.VGA
TXT2.VGA
TXT3.VGA
TXT4.VGA
TXT5.VGA
WATER.VGA
