
ADMIT2.VOC
AHH.VOC
AIRMON.VOC
ALAMAR1.VOC
ALIEN1.VOC
ALIEN2.VOC
BACK2.VOC
BANG.VOC
BANK1.VOC
BANKER.VOC
BARBARCH.VOC
BARKL.VOC
BAT.VOC
BEAM1.VOC
BEGGER.VOC
BLOB.VOC
BOLTELEC.VOC
BONG.VOC
BOOM1.VOC
BOW.VOC
BRANCH.VOC
CAST.VOC
CENTI.VOC
CHOICE2.VOC
CLERIC.VOC
CLICK.VOC
COINA.VOC
COME1.VOC
COME2.VOC
COMET.VOC
CORAK2.VOC
CRASH.VOC
CRASH2A.VOC
CRODO1.VOC
CRODO2.VOC
CRODO3.VOC
CRODO4A.VOC
CRODO4B.VOC
CRODO4C.VOC
CRODO5.VOC
CRODO6.VOC
DARK1.VOC
DARK2.VOC
DARK3.VOC
DARK3A.VOC
DARKLAFF.VOC
DISINT.VOC
DOOR.VOC
DRAGMUM.VOC
DRAGON.VOC
DRAGON1.VOC
DRAGON2.VOC
DRAGON3.VOC
DREAMS2.VOC
DWARF10.VOC
DWARF11.VOC
DWARF12.VOC
EARTHMON.VOC
ELECBOLT.VOC
ELECSPEL.VOC
ELECT.VOC
ELECTRIC.VOC
ELLINGER.VOC
EXPLODE1.VOC
EXPLOSIO.VOC
EYEBALL.VOC
FAIL1.VOC
FIGHT2.VOC
FIRE.VOC
FX2.VOC
FX7.VOC
FXA.VOC
GARGRWL.VOC
GASCOMPR.VOC
GAZONG1.VOC
GDLUCK1.VOC
GHOUL.VOC
GIANT.VOC
GLEEN.VOC
GO2.VOC
GOIN1.VOC
GOLEM.VOC
GOLEM13.VOC
GOLEM14.VOC
GOLEM15.VOC
GOLEM16.VOC
GOODBYE.VOC
GREMLIN.VOC
GREMLINK.VOC
GTLOST.VOC
GUILD10.VOC
GUILD11.VOC
GUILD12.VOC
GULP.VOC
HARPY.VOC
HELLO.VOC
HELLO1.VOC
HELP2.VOC
HISS.VOC
HIT1.VOC
HOWDID1.VOC
HUAH.VOC
HYDRA.VOC
IAMKING.VOC
IDO2.VOC
IGUANA.VOC
INSECT.VOC
INSECTS.VOC
KEY2.VOC
KING1.VOC
KING2.VOC
KING3.VOC
KING4.VOC
KNIGHT.VOC
LAFF1.VOC
LAFF3D2.VOC
LICH.VOC
MAYWE2.VOC
MEANGRO&.VOC
MISS.VOC
MONSTERA.VOC
MONSTERB.VOC
MUMMY.VOC
NEEDKEY1.VOC
NOISE.VOC
NORDO2.VOC
NOWRE1.VOC
NULL.VOC
NYAAHH.VOC
OGRE.VOC
OGRE1.VOC
OK2.VOC
OOH.VOC
ORC.VOC
ORC1.VOC
PADSPELL.VOC
PARROT1.VOC
PARROT2.VOC
PASS2.VOC
PHANTOM.VOC
PHAROH11.VOC
PHAROH1A.VOC
PHAROH1B.VOC
PHAROH2A.VOC
PHAROH2B.VOC
PHAROH2C.VOC
PHAROH2D.VOC
PHAROH2E.VOC
PHAROH3.VOC
PHAROH4.VOC
PHAROH5A.VOC
PHAROH5B.VOC
PHAROH6W.VOC
PHAROH7T.VOC
PHAROH8.VOC
PHAROH9A.VOC
PHAROH9B.VOC
PHOTON.VOC
POP4.VOC
POW0.VOC
POW1.VOC
POW2.VOC
POW3.VOC
POW4.VOC
POW5.VOC
PRTYGD.VOC
PUNCHOOH.VOC
QUEEN1.VOC
QUEEN2.VOC
QUEENHIS.VOC
RAT.VOC
READY2.VOC
REAPER12.VOC
REAPER13.VOC
REAPER14.VOC
REAPER15.VOC
RIBBIT.VOC
ROC.VOC
RUMBLE.VOC
SABER.VOC
SAND.VOC
SCORPION.VOC
SCREAM.VOC
SCREECH.VOC
SEE2.VOC
SIKTROLL.VOC
SKELETON.VOC
SKULL1.VOC
SLIME.VOC
SLIMEBOS.VOC
SNAKEMAN.VOC
SPELL001.VOC
SPELL002.VOC
SPHINX10.VOC
SPHINX11.VOC
SPHINX12.VOC
SPHINX13.VOC
SPHINX14.VOC
SPIT1.VOC
SPLASH2.VOC
SPLASH3.VOC
SPRITE.VOC
STONEGOL.VOC
SWIPE1.VOC
THANKS2.VOC
THANKYOU.VOC
THIEF.VOC
THUD.VOC
THUD1.VOC
TIGER1.VOC
TIGER2&.VOC
TRAININ0.VOC
TRAININ1.VOC
TRAININ2.VOC
TRAINING.VOC
TREE.VOC
TROLL.VOC
UNNH.VOC
VAMP.VOC
VINE.VOC
VULTURE.VOC
WEB.VOC
WHAA-KEE.VOC
WHADDAYO.VOC
WHAT2.VOC
WHAT3.VOC
WHERETO.VOC
WHIP.VOC
WHOOSH.VOC
WHOOSH2.VOC
WINDBLOW.VOC
WINDSTOR.VOC
WIZARD.VOC
WOLF.VOC
XEEN.VOC
XEENLAFF.VOC
YA1.VOC
YAA.VOC
YES1.VOC
YOUTRN1.VOC
ZOMBIE.VOC
ZONGA1.VOC
