
[\XEEN4.0BJ]
100.0BJ
101.0BJ
102.0BJ
103.0BJ
104.0BJ
105.0BJ
106.0BJ
107.0BJ
109.0BJ
110.0BJ
111.0BJ
112.0BJ
113.0BJ
114.0BJ
115.0BJ
116.0BJ
117.0BJ
118.0BJ
119.0BJ
120.0BJ

[\XEEN4.ATT]
000.ATT
001.ATT
002.ATT
003.ATT
004.ATT
005.ATT
006.ATT
007.ATT
008.ATT
009.ATT
010.ATT
011.ATT
012.ATT
013.ATT
016.ATT
017.ATT
019.ATT
020.ATT
022.ATT
023.ATT
024.ATT
025.ATT
026.ATT
027.ATT
028.ATT
029.ATT
030.ATT
031.ATT
032.ATT
033.ATT
034.ATT
035.ATT
036.ATT
037.ATT
038.ATT
039.ATT
040.ATT
042.ATT
043.ATT
044.ATT
045.ATT
047.ATT
048.ATT
049.ATT
050.ATT
051.ATT
052.ATT
053.ATT
055.ATT
056.ATT
057.ATT
058.ATT
059.ATT
060.ATT
061.ATT
062.ATT
063.ATT
064.ATT
065.ATT
066.ATT
067.ATT
068.ATT
070.ATT
071.ATT
072.ATT
073.ATT
075.ATT
076.ATT
080.ATT
083.ATT
084.ATT
088.ATT
089.ATT

[\XEEN5.ATT]
001.ATT
002.ATT
003.ATT
004.ATT
005.ATT
006.ATT
007.ATT
008.ATT
010.ATT
011.ATT
013.ATT
015.ATT
017.ATT
018.ATT
019.ATT
020.ATT
021.ATT
022.ATT
024.ATT
025.ATT
026.ATT
027.ATT
028.ATT
029.ATT
030.ATT
033.ATT
034.ATT
035.ATT
037.ATT
039.ATT
040.ATT
041.ATT
042.ATT
043.ATT
044.ATT
045.ATT
046.ATT
047.ATT
048.ATT
049.ATT
050.ATT
052.ATT
053.ATT
054.ATT
056.ATT
057.ATT
058.ATT
059.ATT
061.ATT
062.ATT
063.ATT
064.ATT
065.ATT
066.ATT
067.ATT

[\XEEN5.OTH]
FECP.BRD
FCAVE1.FWL
FCSTL1.FWL
FDUNG1.FWL
FSCFI1.FWL
FTOWN1.FWL
FTOWR1.FWL
CAVE.GND
CSTL.GND
DUNG.GND
SCFI.GND
TOWN.GND
TOWR.GND
WATER.OUT
CAVE.SKY
CSTL.SKY
DUNG.SKY
NIGHT.SKY
SCFI.SKY
SKY.SKY
TOWN.SKY
TOWR.SKY
CLOUD.SRF
CROAD.SRF
DESERT.SRF
DIRT.SRF
DWATER.SRF
GRASS.SRF
LAVA.SRF
ROAD.SRF
SCORTCH.SRF
SEWER.SRF
SKY.SRF
SNOW.SRF
SPACE.SRF
SWAMP.SRF
TFLR.SRF
WATER.SRF
SCAVE.SWL
SCSTL.SWL
SDUNG.SWL
SSCFI.SWL
STOWN.SWL
STOWR.SWL
CAVE.TIL
CSTL.TIL
DUNG.TIL
OUTDOOR.TIL
SCFI.TIL
TOWN.TIL
TOWR.TIL
BLCK1.TWN
BNKR1.TWN
GILD1.TWN
TMPL1.TWN
TRNG1.TWN
TVRN1.TWN
DEDLTREE.WAL
DMOUNT.WAL
DSNOTREE.WAL
DTREE.WAL
GRASS.WAL
LAVAMNT.WAL
LTREE.WAL
MOUNT.WAL
PALM.WAL
SNOMNT.WAL
SNOTREE.WAL
DUNG1.ZOM
DUNG2.ZOM
DUNG3.ZOM
TOWER1.ZOM
TOWER2.ZOM
TOWN1.ZOM
TOWN2.ZOM
TOWN3.ZOM
FCAVE2.FWL
FCAVE3.FWL
FCAVE4.FWL
FCSTL2.FWL
FCSTL3.FWL
FCSTL4.FWL
FDUNG2.FWL
FDUNG3.FWL
FDUNG4.FWL
FSCFI2.FWL
FSCFI3.FWL
FSCFI4.FWL
FTOWN2.FWL
FTOWN3.FWL
FTOWN4.FWL
FTOWR2.FWL
FTOWR3.FWL
FTOWR4.FWL

[\XEEN.EG2]
CUBE.EG2
HANDS.EG2
SC02.EG2
SC06.EG2
SC10.EG2
SC13.EG2
SC14.EG2
SC17.EG2
SC20A.EG2
SC20B.EG2
SC20C.EG2
SC20D.EG2
SC22A.EG2
SC22B.EG2
SC23A.EG2
SC23B.EG2
SC23C.EG2
SC23D.EG2
SC23E.EG2
SC23F.EG2
SC23G.EG2
SC23H.EG2
SC24.EG2
SC25.EG2
SC261A.EG2
SC261B.EG2
SC262.EG2
SC263.EG2
SC264.EG2
SC27.EG2
SC28A.EG2
SC28B1.EG2
SC28C.EG2
SC28D.EG2
SC28E.EG2
SC28F.EG2
SC28G.EG2
SC28H.EG2
SC28I.EG2
SC28J.EG2
SC28K.EG2
SC28L.EG2
SC28M.EG2
SC28N.EG2
SC30.EG2
SC3A.EG2
SC3B1.EG2
SC3B2.EG2
STAFF.EG2
TOWER1.EG2
TOWER2.EG2

[\XEEN.END]
BIGSKY.END
CAST01.END
CAST02.END
CAST03.END
CAST04.END
CAST05.END
CAST06.END
CRODO.END
DARKLRD1.END
DARKLRD2.END
DARKLRD3.END
DISK.END
DISKA.END
DISKB.END
DISKC.END
DISKD.END
DISKE.END
ENDTEXT.END
FACE.END
KING.END
KINGCORD.END
MIRRBACK.END
MIRROR.END
PEOPLE.END
PREC.END
ROOM.END
SC03A.END
SC03B.END
SC03C.END
SC06A.END
SC06B.END
SC07A.END
SC07B.END
SC07C.END
SC07D.END
SC07E.END
SC07F.END
SC07G.END
SC07H.END
SC08.END
SC09.END
SC10.END
SC11.END
SC13.END
SC14.END
SC15.END
SC16.END
SC17XA.END
SC17XB.END
SC18A.END
SC18B.END
SC18C.END
SC18D.END
SC19.END
SC20.END
SC21.END
SC22.END
SC23A.END
SC23B.END
SC24A.END
SC24B.END
SC25A.END
SC25B.END
SC26A.END
SC26B.END
SC26C.END
SC26D.END
SC27.END
SC29A.END
SC29B.END
SC29C.END
SC29D.END
SC29E.END
SC29F.END
SCA28.END
SCB28.END
SCC28.END
SCD28.END
SCE28.END
SCF28.END
SCG28.END
SCH28.END
SCI28.END
SCJ28.END
SCK28.END

[\XEEN5.FAC]
CHAR01.FAC
CHAR02.FAC
CHAR03.FAC
CHAR04.FAC
CHAR05.FAC
CHAR06.FAC
CHAR07.FAC
CHAR08.FAC
CHAR09.FAC
CHAR10.FAC
CHAR11.FAC
CHAR12.FAC
CHAR13.FAC
CHAR14.FAC
CHAR15.FAC
CHAR16.FAC
CHAR17.FAC
CHAR18.FAC
CHAR19.FAC
CHAR20.FAC
CHAR21.FAC
CHAR22.FAC
CHAR23.FAC
CHAR24.FAC
DSE.FAC
FACE01.FAC
FACE02.FAC
FACE03.FAC
FACE04.FAC
FACE05.FAC
FACE06.FAC
FACE07.FAC
FACE08.FAC
FACE09.FAC
FACE10.FAC
FACE11.FAC
FACE12.FAC
FACE13.FAC
FACE14.FAC
FACE15.FAC
FACE16.FAC
FACE17.FAC
FACE18.FAC
FACE19.FAC
FACE20.FAC
FACE21.FAC
FACE22.FAC
FACE23.FAC
FACE24.FAC
FACE25.FAC
FACE26.FAC
FACE27.FAC
FACE28.FAC
FACE29.FAC
FACE30.FAC
FACE31.FAC
FACE32.FAC
FACE33.FAC
FACE34.FAC
FACE35.FAC
FACE36.FAC
FACE37.FAC
FACE38.FAC
FACE39.FAC
FACE40.FAC
FACE41.FAC
FACE42.FAC
FACE43.FAC
FACE44.FAC
FACE45.FAC
FACE46.FAC
FACE47.FAC
FACE48.FAC
FACE49.FAC
FACE50.FAC
FACE51.FAC
FACE52.FAC
FACE53.FAC
FACE54.FAC
FACE55.FAC
FACE56.FAC
FACE57.FAC
FACE58.FAC
FACE59.FAC
FACE60.FAC
FACE61.FAC
FACE62.FAC
FACE63.FAC
FACE64.FAC
FACE65.FAC
FACE66.FAC
FRAME.FAC

[\XEEN4.FAC]
FACE01.FAC
FACE02.FAC
FACE03.FAC
FACE04.FAC
FACE05.FAC
FACE06.FAC
FACE07.FAC
FACE08.FAC
FACE09.FAC
FACE10.FAC
FACE11.FAC
FACE12.FAC
FACE13.FAC
FACE14.FAC
FACE15.FAC
FACE16.FAC
FACE17.FAC
FACE18.FAC
FACE19.FAC
FACE20.FAC
FACE21.FAC
FACE22.FAC
FACE23.FAC
FACE24.FAC
FACE25.FAC
FACE26.FAC
FACE27.FAC
FACE28.FAC
FACE29.FAC
FACE30.FAC
FACE31.FAC
FACE32.FAC
FACE33.FAC
FACE34.FAC
FACE35.FAC
FACE36.FAC
FACE37.FAC
FACE38.FAC
FACE39.FAC
FACE40.FAC
FACE41.FAC
FACE42.FAC

[\XEEN4.OTH]
FCAVE1.FWL
FCSTL1.FWL
FDUNG1.FWL
FTOWN1.FWL
FTOWR1.FWL
CAVE.GND
CSTL.GND
DUNG.GND
TOWN.GND
TOWR.GND
WATER.OUT
CAVE.SKY
CSTL.SKY
DUNG.SKY
NIGHT.SKY
SKY.SKY
TOWN.SKY
TOWR.SKY
CLOUD.SRF
DESERT.SRF
DIRT.SRF
DWATER.SRF
GRASS.SRF
LAVA.SRF
ROAD.SRF
SCORTCH.SRF
SKY.SRF
SNOW.SRF
SPACE.SRF
SWAMP.SRF
TFLR.SRF
WATER.SRF
SCAVE.SWL
SCSTL.SWL
SDUNG.SWL
STOWN.SWL
STOWR.SWL
CAVE.TIL
CSTL.TIL
DUNG.TIL
OUTDOOR.TIL
TOWN.TIL
TOWR.TIL
BLCK1.TWN
BNKR1.TWN
GILD1.TWN
TMPL1.TWN
TRNG1.TWN
TVRN1.TWN
DEDLTREE.WAL
DTREE.WAL
LAVAMNT.WAL
LTREE.WAL
MOUNT.WAL
PALM.WAL
SNOMNT.WAL
SNOTREE.WAL
FCAVE2.FWL
FCAVE3.FWL
FCAVE4.FWL
FCSTL2.FWL
FCSTL3.FWL
FCSTL4.FWL
FDUNG2.FWL
FDUNG3.FWL
FDUNG4.FWL
FTOWN2.FWL
FTOWN3.FWL
FTOWN4.FWL
FTOWR2.FWL
FTOWR3.FWL
FTOWR4.FWL

[\XEEN5.ICN]
AWARD.ICN
BANK.ICN
BANK2.ICN
BLESS.ICN
BORDER.ICN
BUY.ICN
CAST.ICN
CHARPOW.ICN
CHOICE.ICN
CHOOSE.ICN
COMBAT.ICN
CONFIRM.ICN
CPANEL.ICN
CREATE.ICN
CREATE2.ICN
DETECTMN.ICN
ELEMENT.ICN
EQUIP.ICN
ESC.ICN
GLOBAL.ICN
HPBARS.ICN
INN.ICN
ITEMS.ICN
LLOYDS.ICN
MAIN.ICN
MOUSE.ICN
POW0.ICN
POW1.ICN
POW10.ICN
POW11.ICN
POW12.ICN
POW13.ICN
POW14.ICN
POW15.ICN
POW2.ICN
POW3.ICN
POW4.ICN
POW5.ICN
POW6.ICN
POW7.ICN
POW8.ICN
POW9.ICN
QUEST.ICN
RESTOREX.ICN
SCROLL.ICN
SPECIAL.ICN
SPELLFX.ICN
START.ICN
TAVERN.ICN
TRAIN.ICN
VIEW.ICN

[\XEEN4.ICN]
DETCTMON.ICN
START.ICN

[\XEEN.INT]
BALL.INT
BIRD01.INT
BIRD02.INT
BIRD03.INT
BIRD04.INT
BIRD05.INT
BIRD06.INT
BIRD07.INT
BIRD08.INT
BIRD09.INT
BIRD10.INT
BIRD11.INT
CLAW.INT
DARKLORD.INT
DRAGON.INT
DRAGON1.INT
DROP1.INT
DROP2.INT
DROP3.INT
DROP4.INT
END1.INT
END2.INT
END3.INT
FIZZLE.INT
FLY.INT
GOON.INT
KLUDGE.INT
NWC1.INT
NWC2.INT
NWC3.INT
NWC4.INT
PYRAMID.INT
PYRATOP.INT
QUEEN.INT
TITLE.INT
TITLE2.INT
TITLE2A.INT
TITLE2B.INT
TITLE2C.INT
TITLE2D.INT
TITLE2E.INT
TITLE2F.INT
TITLE2G.INT
TITLE2H.INT
TITLE2I.INT
WFIRE1.INT
WFIRE2.INT
WFIRE3.INT
WFIRE4.INT
WFIRE5.INT
WFIRE6.INT
WFIRE7.INT
WIZARD.INT
WIZMTH.INT
WORLD.INT

[\XEEN4.MON]
000.MON
001.MON
002.MON
003.MON
004.MON
005.MON
006.MON
007.MON
008.MON
009.MON
010.MON
011.MON
012.MON
013.MON
016.MON
017.MON
019.MON
020.MON
022.MON
023.MON
024.MON
025.MON
026.MON
027.MON
028.MON
029.MON
030.MON
031.MON
032.MON
033.MON
034.MON
035.MON
036.MON
037.MON
038.MON
039.MON
040.MON
042.MON
043.MON
044.MON
045.MON
047.MON
048.MON
049.MON
050.MON
051.MON
052.MON
053.MON
055.MON
056.MON
057.MON
058.MON
059.MON
060.MON
061.MON
062.MON
063.MON
064.MON
065.MON
066.MON
067.MON
068.MON
070.MON
071.MON
072.MON
073.MON
075.MON
076.MON
080.MON
083.MON
084.MON
088.MON
089.MON

[\XEEN5.MON]
001.MON
002.MON
003.MON
004.MON
005.MON
006.MON
007.MON
008.MON
010.MON
011.MON
013.MON
015.MON
017.MON
018.MON
019.MON
020.MON
021.MON
022.MON
024.MON
025.MON
026.MON
027.MON
028.MON
029.MON
030.MON
033.MON
034.MON
035.MON
037.MON
039.MON
040.MON
041.MON
042.MON
043.MON
044.MON
045.MON
046.MON
047.MON
048.MON
049.MON
050.MON
052.MON
053.MON
054.MON
056.MON
057.MON
058.MON
059.MON
061.MON
062.MON
063.MON
064.MON
065.MON
066.MON
067.MON

[\XEEN4.OBJ]
000.OBJ
001.OBJ
002.OBJ
003.OBJ
004.OBJ
005.OBJ
006.OBJ
007.OBJ
008.OBJ
009.OBJ
010.OBJ
011.OBJ
012.OBJ
013.OBJ
014.OBJ
015.OBJ
016.OBJ
017.OBJ
018.OBJ
019.OBJ
020.OBJ
021.OBJ
022.OBJ
023.OBJ
024.OBJ
025.OBJ
026.OBJ
027.OBJ
028.OBJ
030.OBJ
031.OBJ
032.OBJ
033.OBJ
034.OBJ
035.OBJ
036.OBJ
037.OBJ
038.OBJ
040.OBJ
041.OBJ
042.OBJ
044.OBJ
045.OBJ
046.OBJ
047.OBJ
049.OBJ
051.OBJ
052.OBJ
053.OBJ
054.OBJ
055.OBJ
056.OBJ
057.OBJ
058.OBJ
061.OBJ
062.OBJ
063.OBJ
064.OBJ
065.OBJ
066.OBJ
067.OBJ
068.OBJ
069.OBJ
071.OBJ
072.OBJ
073.OBJ
076.OBJ
078.OBJ
079.OBJ
080.OBJ
081.OBJ
082.OBJ
083.OBJ
084.OBJ
085.OBJ
087.OBJ
088.OBJ
089.OBJ
090.OBJ
091.OBJ
092.OBJ
093.OBJ
094.OBJ
095.OBJ
096.OBJ

[\XEEN5.OBJ]
001.OBJ
002.OBJ
003.OBJ
004.OBJ
005.OBJ
006.OBJ
007.OBJ
008.OBJ
009.OBJ
010.OBJ
011.OBJ
012.OBJ
013.OBJ
014.OBJ
015.OBJ
016.OBJ
017.OBJ
018.OBJ
019.OBJ
020.OBJ
021.OBJ
022.OBJ
024.OBJ
025.OBJ
026.OBJ
027.OBJ
028.OBJ
029.OBJ
030.OBJ
031.OBJ
032.OBJ
033.OBJ
034.OBJ
035.OBJ
036.OBJ
037.OBJ
038.OBJ
039.OBJ
040.OBJ
041.OBJ
042.OBJ
043.OBJ
044.OBJ
045.OBJ
046.OBJ
047.OBJ
048.OBJ
049.OBJ
050.OBJ
051.OBJ
053.OBJ
054.OBJ
055.OBJ
056.OBJ
057.OBJ
058.OBJ
059.OBJ
060.OBJ
061.OBJ
062.OBJ
063.OBJ
064.OBJ
065.OBJ
066.OBJ
067.OBJ

[\XEEN4.PIC]
000.PIC
001.PIC
003.PIC
004.PIC
005.PIC
006.PIC
007.PIC
009.PIC
010.PIC
012.PIC
013.PIC
014.PIC
015.PIC
016.PIC
017.PIC
018.PIC
019.PIC
020.PIC
021.PIC
023.PIC
024.PIC
025.PIC
026.PIC
027.PIC
028.PIC
033.PIC

[\XEEN5.PIC]
001.PIC
002.PIC
003.PIC
004.PIC
005.PIC
006.PIC
007.PIC
008.PIC
009.PIC
010.PIC
011.PIC
012.PIC
013.PIC
014.PIC
015.PIC
016.PIC
017.PIC
018.PIC
019.PIC
020.PIC
021.PIC
022.PIC
023.PIC
024.PIC
025.PIC
026.PIC
027.PIC
028.PIC
029.PIC
030.PIC
031.PIC
032.PIC
033.PIC
034.PIC
035.PIC
036.PIC
037.PIC
038.PIC
039.PIC
040.PIC
041.PIC
042.PIC
043.PIC
044.PIC
045.PIC
046.PIC
047.PIC
048.PIC
049.PIC
050.PIC
051.PIC
052.PIC

[\XEEN5.VGA]
BOX.VGA
DEATH.VGA
DEATH1.VGA
DICE.VGA
FIRE1.VGA
FIRE2.VGA
FIRE3.VGA
FIRE4.VGA
LOGO.VGA
LOGO1.VGA
STARS.VGA

[\XEEN4.VGA]
CRODO.VGA
DEATH.VGA
DEATH1.VGA
DWARF1.VGA
DWARF2.VGA
DWARF3.VGA
FREAP.VGA
GOLEM.VGA
GOLMBACK.VGA
HAND00.VGA
HAND01.VGA
HAND02.VGA
HAND03.VGA
HAND04.VGA
HAND05.VGA
HAND06.VGA
HAND07.VGA
HAND08.VGA
HAND09.VGA
HAND10.VGA
HAND11.VGA
HAND12.VGA
HAND13.VGA
HAND14.VGA
HAND15.VGA
INTRO1.VGA
LAKE.VGA
LAKE2.VGA
LAKE3.VGA
MARB01.VGA
MARB02.VGA
MARB03.VGA
MARB04.VGA
SPHINX.VGA
TOWER.VGA
WIZTOWER.VGA
WIZTWER2.VGA
XEEN.VGA
XEEN1.VGA
